--- Copying files at Wed Apr 29 18:32:05 UTC 2026
--- Copied files finished at Wed Apr 29 18:32:05 UTC 2026
--- Copying files at Wed Apr 29 18:50:19 UTC 2026
--- Copied files finished at Wed Apr 29 18:50:19 UTC 2026
--- Copying files at Thu Apr 30 18:23:22 UTC 2026
--- Copied files finished at Thu Apr 30 18:23:22 UTC 2026
--- Copying files at Thu Apr 30 18:27:49 UTC 2026
--- Copied files finished at Thu Apr 30 18:27:49 UTC 2026
--- Copying files at Thu Apr 30 19:07:35 UTC 2026
INSTALLED jobs/Lab_5/config.xml
INSTALLED plugins/docker-commons.jpi : 472.vee120e23d3a_c
INSTALLED plugins/docker-workflow.jpi : 634.vedc7242b_eda_7
INSTALLED plugins/authentication-tokens.jpi : 1.144.v5ff4a_5ec5c33
--- Copied files finished at Thu Apr 30 19:07:37 UTC 2026
--- Copying files at Sat May  2 19:41:54 UTC 2026
--- Copied files finished at Sat May  2 19:41:56 UTC 2026
--- Copying files at Mon May  4 14:10:26 UTC 2026
--- Copied files finished at Mon May  4 14:10:27 UTC 2026
--- Copying files at Wed May  6 06:10:08 UTC 2026
--- Copied files finished at Wed May  6 06:10:09 UTC 2026
--- Copying files at Wed May  6 06:17:23 UTC 2026
--- Copied files finished at Wed May  6 06:17:24 UTC 2026
--- Copying files at Fri May  8 08:23:13 UTC 2026
--- Copied files finished at Fri May  8 08:23:14 UTC 2026
--- Copying files at Wed May 13 05:38:01 UTC 2026
--- Copied files finished at Wed May 13 05:38:02 UTC 2026
